Flow report for small8
Mon Apr 11 09:01:44 2016
Quartus II Version 9.1 Build 350 03/24/2010 Service Pack 2 SJ Web Edition


---------------------
; Table of Contents ;
---------------------
  1. Legal Notice
  2. Flow Summary
  3. Flow Settings
  4. Flow Non-Default Global Settings
  5. Flow Elapsed Time
  6. Flow OS Summary
  7. Flow Log



----------------
; Legal Notice ;
----------------
Copyright (C) 1991-2010 Altera Corporation
Your use of Altera Corporation's design tools, logic functions 
and other software and tools, and its AMPP partner logic 
functions, and any output files from any of the foregoing 
(including device programming or simulation files), and any 
associated documentation or information are expressly subject 
to the terms and conditions of the Altera Program License 
Subscription Agreement, Altera MegaCore Function License 
Agreement, or other applicable license agreement, including, 
without limitation, that your use is for the sole purpose of 
programming logic devices manufactured by Altera and sold by 
Altera or its authorized distributors.  Please refer to the 
applicable agreement for further details.



+-----------------------------------------------------------------------------------+
; Flow Summary                                                                      ;
+------------------------------------+----------------------------------------------+
; Flow Status                        ; Successful - Mon Apr 11 09:01:44 2016        ;
; Quartus II Version                 ; 9.1 Build 350 03/24/2010 SP 2 SJ Web Edition ;
; Revision Name                      ; small8                                       ;
; Top-level Entity Name              ; top_level                                    ;
; Family                             ; Cyclone III                                  ;
; Device                             ; EP3C16F484C6                                 ;
; Timing Models                      ; Final                                        ;
; Met timing requirements            ; N/A                                          ;
; Total logic elements               ; 807 / 15,408 ( 5 % )                         ;
;     Total combinational functions  ; 751 / 15,408 ( 5 % )                         ;
;     Dedicated logic registers      ; 294 / 15,408 ( 2 % )                         ;
; Total registers                    ; 294                                          ;
; Total pins                         ; 45 / 347 ( 13 % )                            ;
; Total virtual pins                 ; 0                                            ;
; Total memory bits                  ; 2,048 / 516,096 ( < 1 % )                    ;
; Embedded Multiplier 9-bit elements ; 1 / 112 ( < 1 % )                            ;
; Total PLLs                         ; 0 / 4 ( 0 % )                                ;
+------------------------------------+----------------------------------------------+


+-----------------------------------------+
; Flow Settings                           ;
+-------------------+---------------------+
; Option            ; Setting             ;
+-------------------+---------------------+
; Start date & time ; 04/11/2016 09:01:15 ;
; Main task         ; Compilation         ;
; Revision Name     ; small8              ;
+-------------------+---------------------+


+-------------------------------------------------------------------------------------------------------------------------------+
; Flow Non-Default Global Settings                                                                                              ;
+------------------------------------+-------------------------------------------+---------------+-------------+----------------+
; Assignment Name                    ; Value                                     ; Default Value ; Entity Name ; Section Id     ;
+------------------------------------+-------------------------------------------+---------------+-------------+----------------+
; COMPILER_SIGNATURE_ID              ; 40093577748173.146037967507480            ; --            ; --          ; --             ;
; EDA_OUTPUT_DATA_FORMAT             ; Vhdl                                      ; --            ; --          ; eda_simulation ;
; EDA_SIMULATION_TOOL                ; ModelSim-Altera (VHDL)                    ; <None>        ; --          ; --             ;
; IP_TOOL_NAME                       ; RAM: 1-PORT                               ; --            ; --          ; --             ;
; IP_TOOL_VERSION                    ; 9.1                                       ; --            ; --          ; --             ;
; MAX_CORE_JUNCTION_TEMP             ; 85                                        ; --            ; --          ; --             ;
; MIN_CORE_JUNCTION_TEMP             ; 0                                         ; --            ; --          ; --             ;
; MISC_FILE                          ; C:/Users/User/Desktop/1-small8/small8.dpf ; --            ; --          ; --             ;
; MISC_FILE                          ; RAM.cmp                                   ; --            ; --          ; --             ;
; NOMINAL_CORE_SUPPLY_VOLTAGE        ; 1.2V                                      ; --            ; --          ; --             ;
; PARTITION_COLOR                    ; 16764057                                  ; --            ; top_level   ; Top            ;
; PARTITION_NETLIST_TYPE             ; SOURCE                                    ; --            ; top_level   ; Top            ;
; TOP_LEVEL_ENTITY                   ; top_level                                 ; small8        ; --          ; --             ;
; USE_GENERATED_PHYSICAL_CONSTRAINTS ; Off                                       ; --            ; --          ; eda_blast_fpga ;
+------------------------------------+-------------------------------------------+---------------+-------------+----------------+


+-------------------------------------------------------------------------------------------------------------------------------+
; Flow Elapsed Time                                                                                                             ;
+---------------------------+--------------+-------------------------+---------------------+------------------------------------+
; Module Name               ; Elapsed Time ; Average Processors Used ; Peak Virtual Memory ; Total CPU Time (on all processors) ;
+---------------------------+--------------+-------------------------+---------------------+------------------------------------+
; Analysis & Synthesis      ; 00:00:11     ; 1.0                     ; 253 MB              ; 00:00:11                           ;
; Fitter                    ; 00:00:07     ; 1.0                     ; 264 MB              ; 00:00:07                           ;
; TimeQuest Timing Analyzer ; 00:00:05     ; 1.0                     ; 229 MB              ; 00:00:04                           ;
; Assembler                 ; 00:00:02     ; 1.0                     ; 220 MB              ; 00:00:01                           ;
; EDA Netlist Writer        ; 00:00:02     ; 1.0                     ; 183 MB              ; 00:00:02                           ;
; Total                     ; 00:00:25     ; --                      ; --                  ; 00:00:24                           ;
+---------------------------+--------------+-------------------------+---------------------+------------------------------------+


+--------------------------------------------------------------------------------------------+
; Flow OS Summary                                                                            ;
+---------------------------+------------------+---------------+------------+----------------+
; Module Name               ; Machine Hostname ; OS Name       ; OS Version ; Processor type ;
+---------------------------+------------------+---------------+------------+----------------+
; Analysis & Synthesis      ; User-PC          ; Windows Vista ; 6.1        ; x86_64         ;
; Fitter                    ; User-PC          ; Windows Vista ; 6.1        ; x86_64         ;
; Assembler                 ; User-PC          ; Windows Vista ; 6.1        ; x86_64         ;
; TimeQuest Timing Analyzer ; User-PC          ; Windows Vista ; 6.1        ; x86_64         ;
; EDA Netlist Writer        ; User-PC          ; Windows Vista ; 6.1        ; x86_64         ;
+---------------------------+------------------+---------------+------------+----------------+


------------
; Flow Log ;
------------
quartus_map --read_settings_files=on --write_settings_files=off small8 -c small8
quartus_fit --read_settings_files=off --write_settings_files=off small8 -c small8
quartus_asm --read_settings_files=off --write_settings_files=off small8 -c small8
quartus_sta small8 -c small8
quartus_eda --read_settings_files=off --write_settings_files=off small8 -c small8



